********************************************************************************
DUPLICATOR-LITE PACKAGE-LOG: June 7, 2026 5:21 pm
NOTICE: Do NOT post to public sites or forums 
********************************************************************************
VERSION:	1.5.16.1
WORDPRESS:	6.9.4
PHP INFO:	8.2.29 | SAPI: cgi-fcgi
SERVER:		nginx/1.26.1 
PHP TIME LIMIT: (0) no time limit imposed 
PHP MAX MEMORY: 4294967296 (256M default) 
MEMORY STACK: 8MB

********************************************************************************
DATABASE:
********************************************************************************
BUILD MODE:   PHP(query limit - 100)
MYSQLTIMEOUT: 5000
MYSQLDUMP:    Not Supported
TABLES: total:13 | filtered:0 | create:13
FILTERED: []
SQL CREATED: 20260607_genericoutdoorshop_da094f99c59860821888_20260607172053_database.sql
SQL FILE SIZE: 1.78MB (1869103)
SQL FILE TIME: 2026-06-07 17:21:00
SQL RUNTIME: 0.67 sec.

********************************************************************************
ARCHIVE (ZIP):
********************************************************************************
ARCHIVE DIR:  C:/Users/riley/Local Sites/generic-outdoor-shop/app/public
ARCHIVE FILE: 20260607_genericoutdoorshop_da094f99c59860821888_20260607172053_archive.zip
FILTERS: *OFF*
DIRS:
	not set
FILES:
	not set
EXTS:  not set
----------------------------------------
COMPRESSING
SIZE:	153.48MB
STATS:	Dirs 1,029 | Files 7,442
SQL ADDED: 20260607_genericoutdoorshop_da094f99c59860821888_20260607172053_database.sql
ZipArchive Object
(
    [lastId] => 8470
    [status] => 0
    [statusSys] => 0
    [numFiles] => 8471
    [filename] => C:\Users\riley\Local Sites\generic-outdoor-shop\app\public\wp-content\backups-dup-lite\tmp\20260607_genericoutdoorshop_da094f99c59860821888_20260607172053_archive.zip
    [comment] => 
)

FILE ADDED TO ZIP: 8470
COMPRESSION RESULT: '1'
COMPRESSED SIZE: 83.62MB
ARCHIVE RUNTIME: 41.55 sec.
MEMORY STACK: 10MB
building installer
ARCHIVE CONSISTENCY TEST: PASS

********************************************************************************
INTEGRITY CHECKS:
********************************************************************************
SQL FILE: 1.78MB
INSTALLER FILE: 73.5KB
ARCHIVE FILE: 85.59MB 
EXPECTED FILE/DIRECTORY COUNT: 8,471
ACTUAL FILE/DIRECTORY COUNT: 8,470
ARCHIVE CONSISTENCY TEST: Pass

********************************************************************************
RECORD ID:[1]
TOTAL PROCESS RUNTIME: 44.09 sec.
PEAK PHP MEMORY USED: 14MB
DONE PROCESSING => 20260607_genericoutdoorshop June 7, 2026 5:21 pm

